
Running 11 tests using 4 workers

  ✘   1 [chromium] › e2e/smoke.spec.ts:25:3 › App Smoke Tests › app loads and displays header (36.5s)
  ✘   2 [chromium] › e2e/smoke.spec.ts:66:3 › App Smoke Tests › Prioritize section renders (38.9s)
  ✘   3 [chromium] › e2e/smoke.spec.ts:34:3 › App Smoke Tests › navigation renders all sections (17.8s)
  ✘   4 [chromium] › e2e/smoke.spec.ts:52:3 › App Smoke Tests › Today section renders (15.5s)
  ✘   5 [chromium] › e2e/smoke.spec.ts:25:3 › App Smoke Tests › app loads and displays header (retry #1) (39.2s)
6 [chromium] › e2e/smoke.spec.ts:34:3 › App Smoke Tests › navigation renders all sections (retry #1) (21.3s)
  ✘   7 [chromium] › e2e/smoke.spec.ts:66:3 › App Smoke Tests › Prioritize section renders (retry #1) (17.0s)
  ✘   8 [chromium] › e2e/smoke.spec.ts:25:3 › App Smoke Tests › app loads and displays header (retry #1) (18.4s)
  ✘   9 [chromium] › e2e/smoke.spec.ts:77:3 › App Smoke Tests › Timer section renders (13.3s)
  ✘  10 [chromium] › e2e/smoke.spec.ts:87:3 › App Smoke Tests › Audio section renders (13.0s)
  ✘  11 [chromium] › e2e/smoke.spec.ts:94:3 › App Smoke Tests › Stats section renders (12.6s)
  ✘  12 [chromium] › e2e/smoke.spec.ts:101:3 › App Smoke Tests › all major sections are visible on initial load (13.2s)
  ✘  13 [chromium] › e2e/smoke.spec.ts:77:3 › App Smoke Tests › Timer section renders (retry #1) (18.8s)
  ✘  14 [chromium] › e2e/smoke.spec.ts:87:3 › App Smoke Tests › Audio section renders (retry #1) (18.3s)
  ✘  15 [chromium] › e2e/smoke.spec.ts:94:3 › App Smoke Tests › Stats section renders (retry #1) (18.5s)
  ✘  17 [chromium] › e2e/smoke.spec.ts:111:3 › App Smoke Tests › no console errors on initial load (6.4s)
  ✘  16 [chromium] › e2e/smoke.spec.ts:101:3 › App Smoke Tests › all major sections are visible on initial load (retry #1) (19.8s)
  ✘  18 [chromium] › e2e/smoke.spec.ts:140:3 › App Smoke Tests › app is responsive - mobile viewport (16.6s)
  ✘  19 [chromium] › e2e/smoke.spec.ts:148:3 › App Smoke Tests › app is responsive - tablet viewport (14.5s)
  ✘  20 [chromium] › e2e/smoke.spec.ts:111:3 › App Smoke Tests › no console errors on initial load (retry #1) (28.2s)
  ✘  21 [chromium] › e2e/smoke.spec.ts:140:3 › App Smoke Tests › app is responsive - mobile viewport (retry #1) (25.0s)
  ✘  22 [chromium] › e2e/smoke.spec.ts:148:3 › App Smoke Tests › app is responsive - tablet viewport (retry #1) (35.0s)


  1) [chromium] › e2e/smoke.spec.ts:25:3 › App Smoke Tests › app loads and displays header ─────────

    Error: [2mexpect([22m[31mlocator[39m[2m).[22mtoContainText[2m([22m[32mexpected[39m[2m)[22m failed

    Locator: locator('.app-title')
    Expected substring: [32m"Productivity Hub"[39m
    Timeout: 10000ms
    Error: element(s) not found

    Call log:
    [2m  - Expect "toContainText" with timeout 10000ms[22m
    [2m  - waiting for locator('.app-title')[22m


      28 |     
      29 |     // Verify header content
    > 30 |     await expect(page.locator('.app-title')).toContainText('Productivity Hub');
         |                                              ^
      31 |     await expect(page.locator('.app-subtitle')).toContainText('Boost your focus');
      32 |   });
      33 |
        at /mnt/c/Users/fischerjakob/FY26/speckit-demo-jakobfischer/e2e/smoke.spec.ts:30:46

    attachment #1: screenshot (image/png) ──────────────────────────────────────────────────────────
    test-results/smoke-App-Smoke-Tests-app-loads-and-displays-header-chromium/test-failed-1.png
    ────────────────────────────────────────────────────────────────────────────────────────────────

    Retry #1 ───────────────────────────────────────────────────────────────────────────────────────

    Error: [2mexpect([22m[31mlocator[39m[2m).[22mtoBeVisible[2m([22m[2m)[22m failed

    Locator: locator('[data-testid="app"]')
    Expected: visible
    Timeout: 10000ms
    Error: element(s) not found

    Call log:
    [2m  - Expect "toBeVisible" with timeout 10000ms[22m
    [2m  - waiting for locator('[data-testid="app"]')[22m


      25 |   test('app loads and displays header', async ({ page }) => {
      26 |     // Wait for the app to render
    > 27 |     await expect(page.locator('[data-testid="app"]')).toBeVisible({ timeout: 10000 });
         |                                                       ^
      28 |     
      29 |     // Verify header content
      30 |     await expect(page.locator('.app-title')).toContainText('Productivity Hub');
        at /mnt/c/Users/fischerjakob/FY26/speckit-demo-jakobfischer/e2e/smoke.spec.ts:27:55

    attachment #1: screenshot (image/png) ──────────────────────────────────────────────────────────
    test-results/smoke-App-Smoke-Tests-app-loads-and-displays-header-chromium-retry1/test-failed-1.png
    ────────────────────────────────────────────────────────────────────────────────────────────────

    attachment #2: video (video/webm) ──────────────────────────────────────────────────────────────
    test-results/smoke-App-Smoke-Tests-app-loads-and-displays-header-chromium-retry1/video.webm
    ────────────────────────────────────────────────────────────────────────────────────────────────

    attachment #3: trace (application/zip) ─────────────────────────────────────────────────────────
    test-results/smoke-App-Smoke-Tests-app-loads-and-displays-header-chromium-retry1/trace.zip
    Usage:

        npx playwright show-trace test-results/smoke-App-Smoke-Tests-app-loads-and-displays-header-chromium-retry1/trace.zip

    ────────────────────────────────────────────────────────────────────────────────────────────────

  2) [chromium] › e2e/smoke.spec.ts:34:3 › App Smoke Tests › navigation renders all sections ───────

    Error: [2mexpect([22m[31mlocator[39m[2m).[22mtoBeVisible[2m([22m[2m)[22m failed

    Locator: locator('.section-nav')
    Expected: visible
    Timeout: 10000ms
    Error: element(s) not found

    Call log:
    [2m  - Expect "toBeVisible" with timeout 10000ms[22m
    [2m  - waiting for locator('.section-nav')[22m


      36 |     
      37 |     const nav = page.locator('.section-nav');
    > 38 |     await expect(nav).toBeVisible();
         |                       ^
      39 |     
      40 |     // Verify all nav items are present
      41 |     const navItems = page.locator('.section-nav__item');
        at /mnt/c/Users/fischerjakob/FY26/speckit-demo-jakobfischer/e2e/smoke.spec.ts:38:23

    attachment #1: screenshot (image/png) ──────────────────────────────────────────────────────────
    test-results/smoke-App-Smoke-Tests-navigation-renders-all-sections-chromium/test-failed-1.png
    ────────────────────────────────────────────────────────────────────────────────────────────────

    Retry #1 ───────────────────────────────────────────────────────────────────────────────────────

    Error: [2mexpect([22m[31mlocator[39m[2m).[22mtoBeVisible[2m([22m[2m)[22m failed

    Locator: locator('[data-testid="app"]')
    Expected: visible
    Timeout: 10000ms
    Error: element(s) not found

    Call log:
    [2m  - Expect "toBeVisible" with timeout 10000ms[22m
    [2m  - waiting for locator('[data-testid="app"]')[22m


      33 |
      34 |   test('navigation renders all sections', async ({ page }) => {
    > 35 |     await expect(page.locator('[data-testid="app"]')).toBeVisible({ timeout: 10000 });
         |                                                       ^
      36 |     
      37 |     const nav = page.locator('.section-nav');
      38 |     await expect(nav).toBeVisible();
        at /mnt/c/Users/fischerjakob/FY26/speckit-demo-jakobfischer/e2e/smoke.spec.ts:35:55

    attachment #1: screenshot (image/png) ──────────────────────────────────────────────────────────
    test-results/smoke-App-Smoke-Tests-navigation-renders-all-sections-chromium-retry1/test-failed-1.png
    ────────────────────────────────────────────────────────────────────────────────────────────────

    attachment #2: video (video/webm) ──────────────────────────────────────────────────────────────
    test-results/smoke-App-Smoke-Tests-navigation-renders-all-sections-chromium-retry1/video.webm
    ────────────────────────────────────────────────────────────────────────────────────────────────

    attachment #3: trace (application/zip) ─────────────────────────────────────────────────────────
    test-results/smoke-App-Smoke-Tests-navigation-renders-all-sections-chromium-retry1/trace.zip
    Usage:

        npx playwright show-trace test-results/smoke-App-Smoke-Tests-navigation-renders-all-sections-chromium-retry1/trace.zip

    ────────────────────────────────────────────────────────────────────────────────────────────────

  3) [chromium] › e2e/smoke.spec.ts:52:3 › App Smoke Tests › Today section renders ─────────────────

    Error: [2mexpect([22m[31mlocator[39m[2m).[22mtoBeVisible[2m([22m[2m)[22m failed

    Locator: locator('[data-testid="app"]')
    Expected: visible
    Timeout: 10000ms
    Error: element(s) not found

    Call log:
    [2m  - Expect "toBeVisible" with timeout 10000ms[22m
    [2m  - waiting for locator('[data-testid="app"]')[22m


      51 |
      52 |   test('Today section renders', async ({ page }) => {
    > 53 |     await expect(page.locator('[data-testid="app"]')).toBeVisible({ timeout: 10000 });
         |                                                       ^
      54 |     
      55 |     const todaySection = page.locator('#today');
      56 |     await expect(todaySection).toBeVisible();
        at /mnt/c/Users/fischerjakob/FY26/speckit-demo-jakobfischer/e2e/smoke.spec.ts:53:55

    attachment #1: screenshot (image/png) ──────────────────────────────────────────────────────────
    test-results/smoke-App-Smoke-Tests-Today-section-renders-chromium/test-failed-1.png
    ────────────────────────────────────────────────────────────────────────────────────────────────

    Retry #1 ───────────────────────────────────────────────────────────────────────────────────────

    Error: [2mexpect([22m[31mlocator[39m[2m).[22mtoBeVisible[2m([22m[2m)[22m failed

    Locator: locator('[data-testid="app"]')
    Expected: visible
    Timeout: 10000ms
    Error: element(s) not found

    Call log:
    [2m  - Expect "toBeVisible" with timeout 10000ms[22m
    [2m  - waiting for locator('[data-testid="app"]')[22m


      51 |
      52 |   test('Today section renders', async ({ page }) => {
    > 53 |     await expect(page.locator('[data-testid="app"]')).toBeVisible({ timeout: 10000 });
         |                                                       ^
      54 |     
      55 |     const todaySection = page.locator('#today');
      56 |     await expect(todaySection).toBeVisible();
        at /mnt/c/Users/fischerjakob/FY26/speckit-demo-jakobfischer/e2e/smoke.spec.ts:53:55

    attachment #1: screenshot (image/png) ──────────────────────────────────────────────────────────
    test-results/smoke-App-Smoke-Tests-Today-section-renders-chromium-retry1/test-failed-1.png
    ────────────────────────────────────────────────────────────────────────────────────────────────

    attachment #2: video (video/webm) ──────────────────────────────────────────────────────────────
    test-results/smoke-App-Smoke-Tests-Today-section-renders-chromium-retry1/video.webm
    ────────────────────────────────────────────────────────────────────────────────────────────────

    attachment #3: trace (application/zip) ─────────────────────────────────────────────────────────
    test-results/smoke-App-Smoke-Tests-Today-section-renders-chromium-retry1/trace.zip
    Usage:

        npx playwright show-trace test-results/smoke-App-Smoke-Tests-Today-section-renders-chromium-retry1/trace.zip

    ────────────────────────────────────────────────────────────────────────────────────────────────

  4) [chromium] › e2e/smoke.spec.ts:66:3 › App Smoke Tests › Prioritize section renders ────────────

    Error: [2mexpect([22m[31mlocator[39m[2m).[22mtoBeVisible[2m([22m[2m)[22m failed

    Locator: locator('#prioritize')
    Expected: visible
    Timeout: 10000ms
    Error: element(s) not found

    Call log:
    [2m  - Expect "toBeVisible" with timeout 10000ms[22m
    [2m  - waiting for locator('#prioritize')[22m


      68 |     
      69 |     const prioritizeSection = page.locator('#prioritize');
    > 70 |     await expect(prioritizeSection).toBeVisible();
         |                                     ^
      71 |     
      72 |     // Verify Prioritization Tools component renders
      73 |     await expect(page.locator('.prioritization-tools')).toBeVisible();
        at /mnt/c/Users/fischerjakob/FY26/speckit-demo-jakobfischer/e2e/smoke.spec.ts:70:37

    attachment #1: screenshot (image/png) ──────────────────────────────────────────────────────────
    test-results/smoke-App-Smoke-Tests-Prioritize-section-renders-chromium/test-failed-1.png
    ────────────────────────────────────────────────────────────────────────────────────────────────

    Retry #1 ───────────────────────────────────────────────────────────────────────────────────────

    Error: [2mexpect([22m[31mlocator[39m[2m).[22mtoBeVisible[2m([22m[2m)[22m failed

    Locator: locator('[data-testid="app"]')
    Expected: visible
    Timeout: 10000ms
    Error: element(s) not found

    Call log:
    [2m  - Expect "toBeVisible" with timeout 10000ms[22m
    [2m  - waiting for locator('[data-testid="app"]')[22m


      65 |
      66 |   test('Prioritize section renders', async ({ page }) => {
    > 67 |     await expect(page.locator('[data-testid="app"]')).toBeVisible({ timeout: 10000 });
         |                                                       ^
      68 |     
      69 |     const prioritizeSection = page.locator('#prioritize');
      70 |     await expect(prioritizeSection).toBeVisible();
        at /mnt/c/Users/fischerjakob/FY26/speckit-demo-jakobfischer/e2e/smoke.spec.ts:67:55

    attachment #1: screenshot (image/png) ──────────────────────────────────────────────────────────
    test-results/smoke-App-Smoke-Tests-Prioritize-section-renders-chromium-retry1/test-failed-1.png
    ────────────────────────────────────────────────────────────────────────────────────────────────

    attachment #2: video (video/webm) ──────────────────────────────────────────────────────────────
    test-results/smoke-App-Smoke-Tests-Prioritize-section-renders-chromium-retry1/video.webm
    ────────────────────────────────────────────────────────────────────────────────────────────────

    attachment #3: trace (application/zip) ─────────────────────────────────────────────────────────
    test-results/smoke-App-Smoke-Tests-Prioritize-section-renders-chromium-retry1/trace.zip
    Usage:

        npx playwright show-trace test-results/smoke-App-Smoke-Tests-Prioritize-section-renders-chromium-retry1/trace.zip

    ────────────────────────────────────────────────────────────────────────────────────────────────

  5) [chromium] › e2e/smoke.spec.ts:77:3 › App Smoke Tests › Timer section renders ─────────────────

    Error: [2mexpect([22m[31mlocator[39m[2m).[22mtoBeVisible[2m([22m[2m)[22m failed

    Locator: locator('#timer')
    Expected: visible
    Timeout: 10000ms
    Error: element(s) not found

    Call log:
    [2m  - Expect "toBeVisible" with timeout 10000ms[22m
    [2m  - waiting for locator('#timer')[22m


      79 |     
      80 |     const timerSection = page.locator('#timer');
    > 81 |     await expect(timerSection).toBeVisible();
         |                                ^
      82 |     
      83 |     // Verify Pomodoro Timer component renders
      84 |     await expect(page.locator('.pomodoro-timer')).toBeVisible();
        at /mnt/c/Users/fischerjakob/FY26/speckit-demo-jakobfischer/e2e/smoke.spec.ts:81:32

    attachment #1: screenshot (image/png) ──────────────────────────────────────────────────────────
    test-results/smoke-App-Smoke-Tests-Timer-section-renders-chromium/test-failed-1.png
    ────────────────────────────────────────────────────────────────────────────────────────────────

    Retry #1 ───────────────────────────────────────────────────────────────────────────────────────

    Error: [2mexpect([22m[31mlocator[39m[2m).[22mtoBeVisible[2m([22m[2m)[22m failed

    Locator: locator('[data-testid="app"]')
    Expected: visible
    Timeout: 10000ms
    Error: element(s) not found

    Call log:
    [2m  - Expect "toBeVisible" with timeout 10000ms[22m
    [2m  - waiting for locator('[data-testid="app"]')[22m


      76 |
      77 |   test('Timer section renders', async ({ page }) => {
    > 78 |     await expect(page.locator('[data-testid="app"]')).toBeVisible({ timeout: 10000 });
         |                                                       ^
      79 |     
      80 |     const timerSection = page.locator('#timer');
      81 |     await expect(timerSection).toBeVisible();
        at /mnt/c/Users/fischerjakob/FY26/speckit-demo-jakobfischer/e2e/smoke.spec.ts:78:55

    attachment #1: screenshot (image/png) ──────────────────────────────────────────────────────────
    test-results/smoke-App-Smoke-Tests-Timer-section-renders-chromium-retry1/test-failed-1.png
    ────────────────────────────────────────────────────────────────────────────────────────────────

    attachment #2: video (video/webm) ──────────────────────────────────────────────────────────────
    test-results/smoke-App-Smoke-Tests-Timer-section-renders-chromium-retry1/video.webm
    ────────────────────────────────────────────────────────────────────────────────────────────────

    attachment #3: trace (application/zip) ─────────────────────────────────────────────────────────
    test-results/smoke-App-Smoke-Tests-Timer-section-renders-chromium-retry1/trace.zip
    Usage:

        npx playwright show-trace test-results/smoke-App-Smoke-Tests-Timer-section-renders-chromium-retry1/trace.zip

    ────────────────────────────────────────────────────────────────────────────────────────────────

  6) [chromium] › e2e/smoke.spec.ts:87:3 › App Smoke Tests › Audio section renders ─────────────────

    Error: [2mexpect([22m[31mlocator[39m[2m).[22mtoBeVisible[2m([22m[2m)[22m failed

    Locator: locator('#audio')
    Expected: visible
    Timeout: 10000ms
    Error: element(s) not found

    Call log:
    [2m  - Expect "toBeVisible" with timeout 10000ms[22m
    [2m  - waiting for locator('#audio')[22m


      89 |     
      90 |     const audioSection = page.locator('#audio');
    > 91 |     await expect(audioSection).toBeVisible();
         |                                ^
      92 |   });
      93 |
      94 |   test('Stats section renders', async ({ page }) => {
        at /mnt/c/Users/fischerjakob/FY26/speckit-demo-jakobfischer/e2e/smoke.spec.ts:91:32

    attachment #1: screenshot (image/png) ──────────────────────────────────────────────────────────
    test-results/smoke-App-Smoke-Tests-Audio-section-renders-chromium/test-failed-1.png
    ────────────────────────────────────────────────────────────────────────────────────────────────

    Retry #1 ───────────────────────────────────────────────────────────────────────────────────────

    Error: [2mexpect([22m[31mlocator[39m[2m).[22mtoBeVisible[2m([22m[2m)[22m failed

    Locator: locator('[data-testid="app"]')
    Expected: visible
    Timeout: 10000ms
    Error: element(s) not found

    Call log:
    [2m  - Expect "toBeVisible" with timeout 10000ms[22m
    [2m  - waiting for locator('[data-testid="app"]')[22m


      86 |
      87 |   test('Audio section renders', async ({ page }) => {
    > 88 |     await expect(page.locator('[data-testid="app"]')).toBeVisible({ timeout: 10000 });
         |                                                       ^
      89 |     
      90 |     const audioSection = page.locator('#audio');
      91 |     await expect(audioSection).toBeVisible();
        at /mnt/c/Users/fischerjakob/FY26/speckit-demo-jakobfischer/e2e/smoke.spec.ts:88:55

    attachment #1: screenshot (image/png) ──────────────────────────────────────────────────────────
    test-results/smoke-App-Smoke-Tests-Audio-section-renders-chromium-retry1/test-failed-1.png
    ────────────────────────────────────────────────────────────────────────────────────────────────

    attachment #2: video (video/webm) ──────────────────────────────────────────────────────────────
    test-results/smoke-App-Smoke-Tests-Audio-section-renders-chromium-retry1/video.webm
    ────────────────────────────────────────────────────────────────────────────────────────────────

    attachment #3: trace (application/zip) ─────────────────────────────────────────────────────────
    test-results/smoke-App-Smoke-Tests-Audio-section-renders-chromium-retry1/trace.zip
    Usage:

        npx playwright show-trace test-results/smoke-App-Smoke-Tests-Audio-section-renders-chromium-retry1/trace.zip

    ────────────────────────────────────────────────────────────────────────────────────────────────

  7) [chromium] › e2e/smoke.spec.ts:94:3 › App Smoke Tests › Stats section renders ─────────────────

    Error: [2mexpect([22m[31mlocator[39m[2m).[22mtoBeVisible[2m([22m[2m)[22m failed

    Locator: locator('#stats')
    Expected: visible
    Timeout: 10000ms
    Error: element(s) not found

    Call log:
    [2m  - Expect "toBeVisible" with timeout 10000ms[22m
    [2m  - waiting for locator('#stats')[22m


       96 |     
       97 |     const statsSection = page.locator('#stats');
    >  98 |     await expect(statsSection).toBeVisible();
          |                                ^
       99 |   });
      100 |
      101 |   test('all major sections are visible on initial load', async ({ page }) => {
        at /mnt/c/Users/fischerjakob/FY26/speckit-demo-jakobfischer/e2e/smoke.spec.ts:98:32

    attachment #1: screenshot (image/png) ──────────────────────────────────────────────────────────
    test-results/smoke-App-Smoke-Tests-Stats-section-renders-chromium/test-failed-1.png
    ────────────────────────────────────────────────────────────────────────────────────────────────

    Retry #1 ───────────────────────────────────────────────────────────────────────────────────────

    Error: [2mexpect([22m[31mlocator[39m[2m).[22mtoBeVisible[2m([22m[2m)[22m failed

    Locator: locator('[data-testid="app"]')
    Expected: visible
    Timeout: 10000ms
    Error: element(s) not found

    Call log:
    [2m  - Expect "toBeVisible" with timeout 10000ms[22m
    [2m  - waiting for locator('[data-testid="app"]')[22m


      93 |
      94 |   test('Stats section renders', async ({ page }) => {
    > 95 |     await expect(page.locator('[data-testid="app"]')).toBeVisible({ timeout: 10000 });
         |                                                       ^
      96 |     
      97 |     const statsSection = page.locator('#stats');
      98 |     await expect(statsSection).toBeVisible();
        at /mnt/c/Users/fischerjakob/FY26/speckit-demo-jakobfischer/e2e/smoke.spec.ts:95:55

    attachment #1: screenshot (image/png) ──────────────────────────────────────────────────────────
    test-results/smoke-App-Smoke-Tests-Stats-section-renders-chromium-retry1/test-failed-1.png
    ────────────────────────────────────────────────────────────────────────────────────────────────

    attachment #2: video (video/webm) ──────────────────────────────────────────────────────────────
    test-results/smoke-App-Smoke-Tests-Stats-section-renders-chromium-retry1/video.webm
    ────────────────────────────────────────────────────────────────────────────────────────────────

    attachment #3: trace (application/zip) ─────────────────────────────────────────────────────────
    test-results/smoke-App-Smoke-Tests-Stats-section-renders-chromium-retry1/trace.zip
    Usage:

        npx playwright show-trace test-results/smoke-App-Smoke-Tests-Stats-section-renders-chromium-retry1/trace.zip

    ────────────────────────────────────────────────────────────────────────────────────────────────

  8) [chromium] › e2e/smoke.spec.ts:101:3 › App Smoke Tests › all major sections are visible on initial load 

    Error: [2mexpect([22m[31mlocator[39m[2m).[22mtoBeVisible[2m([22m[2m)[22m failed

    Locator: locator('[data-testid="app"]')
    Expected: visible
    Timeout: 10000ms
    Error: element(s) not found

    Call log:
    [2m  - Expect "toBeVisible" with timeout 10000ms[22m
    [2m  - waiting for locator('[data-testid="app"]')[22m


      100 |
      101 |   test('all major sections are visible on initial load', async ({ page }) => {
    > 102 |     await expect(page.locator('[data-testid="app"]')).toBeVisible({ timeout: 10000 });
          |                                                       ^
      103 |     
      104 |     // Check all section IDs exist
      105 |     const sections = ['#today', '#prioritize', '#timer', '#audio', '#stats', '#breathing', '#tips'];
        at /mnt/c/Users/fischerjakob/FY26/speckit-demo-jakobfischer/e2e/smoke.spec.ts:102:55

    attachment #1: screenshot (image/png) ──────────────────────────────────────────────────────────
    test-results/smoke-App-Smoke-Tests-all--4e5e9-are-visible-on-initial-load-chromium/test-failed-1.png
    ────────────────────────────────────────────────────────────────────────────────────────────────

    Retry #1 ───────────────────────────────────────────────────────────────────────────────────────

    Error: [2mexpect([22m[31mlocator[39m[2m).[22mtoBeVisible[2m([22m[2m)[22m failed

    Locator: locator('[data-testid="app"]')
    Expected: visible
    Timeout: 10000ms
    Error: element(s) not found

    Call log:
    [2m  - Expect "toBeVisible" with timeout 10000ms[22m
    [2m  - waiting for locator('[data-testid="app"]')[22m


      100 |
      101 |   test('all major sections are visible on initial load', async ({ page }) => {
    > 102 |     await expect(page.locator('[data-testid="app"]')).toBeVisible({ timeout: 10000 });
          |                                                       ^
      103 |     
      104 |     // Check all section IDs exist
      105 |     const sections = ['#today', '#prioritize', '#timer', '#audio', '#stats', '#breathing', '#tips'];
        at /mnt/c/Users/fischerjakob/FY26/speckit-demo-jakobfischer/e2e/smoke.spec.ts:102:55

    attachment #1: screenshot (image/png) ──────────────────────────────────────────────────────────
    test-results/smoke-App-Smoke-Tests-all--4e5e9-are-visible-on-initial-load-chromium-retry1/test-failed-1.png
    ────────────────────────────────────────────────────────────────────────────────────────────────

    attachment #2: video (video/webm) ──────────────────────────────────────────────────────────────
    test-results/smoke-App-Smoke-Tests-all--4e5e9-are-visible-on-initial-load-chromium-retry1/video.webm
    ────────────────────────────────────────────────────────────────────────────────────────────────

    attachment #3: trace (application/zip) ─────────────────────────────────────────────────────────
    test-results/smoke-App-Smoke-Tests-all--4e5e9-are-visible-on-initial-load-chromium-retry1/trace.zip
    Usage:

        npx playwright show-trace test-results/smoke-App-Smoke-Tests-all--4e5e9-are-visible-on-initial-load-chromium-retry1/trace.zip

    ────────────────────────────────────────────────────────────────────────────────────────────────

  9) [chromium] › e2e/smoke.spec.ts:111:3 › App Smoke Tests › no console errors on initial load ────

    Error: [2mexpect([22m[31mreceived[39m[2m).[22mtoHaveLength[2m([22m[32mexpected[39m[2m)[22m

    Expected length: [32m0[39m
    Received length: [31m9[39m
    Received array:  [31m["Failed to load tasks: NotFoundError: Failed to execute 'transaction' on 'IDBDatabase': One of the specified object stores was not found.[39m
    [31m    at Proxy.<anonymous> (http://127.0.0.1:5173/node_modules/.vite/deps/idb.js?v=c1ee20fb:102:22)[39m
    [31m    at Proxy.method (http://127.0.0.1:5173/node_modules/.vite/deps/idb.js?v=c1ee20fb:183:21)[39m
    [31m    at getAllTasks (http://127.0.0.1:5173/src/services/taskService.js:152:26)[39m
    [31m    at async Promise.all (index 0)[39m
    [31m    at async http://127.0.0.1:5173/src/hooks/useTasks.js:30:35", "Failed to load tasks: NotFoundError: Failed to execute 'transaction' on 'IDBDatabase': One of the specified object stores was not found.[39m
    [31m    at Proxy.<anonymous> (http://127.0.0.1:5173/node_modules/.vite/deps/idb.js?v=c1ee20fb:102:22)[39m
    [31m    at Proxy.method (http://127.0.0.1:5173/node_modules/.vite/deps/idb.js?v=c1ee20fb:183:21)[39m
    [31m    at getAllTasks (http://127.0.0.1:5173/src/services/taskService.js:152:26)[39m
    [31m    at async Promise.all (index 0)[39m
    [31m    at async http://127.0.0.1:5173/src/hooks/useTasks.js:30:35", "Failed to load milestones: NotFoundError: Failed to execute 'transaction' on 'IDBDatabase': One of the specified object stores was not found.[39m
    [31m    at Proxy.<anonymous> (http://127.0.0.1:5173/node_modules/.vite/deps/idb.js?v=c1ee20fb:102:22)[39m
    [31m    at Proxy.method (http://127.0.0.1:5173/node_modules/.vite/deps/idb.js?v=c1ee20fb:183:21)[39m
    [31m    at getAchievements (http://127.0.0.1:5173/src/services/db.js:209:13)[39m
    [31m    at async http://127.0.0.1:5173/src/hooks/useMilestones.js:23:28", "Failed to load stats: NotFoundError: Failed to execute 'transaction' on 'IDBDatabase': One of the specified object stores was not found.[39m
    [31m    at Proxy.<anonymous> (http://127.0.0.1:5173/node_modules/.vite/deps/idb.js?v=c1ee20fb:102:22)[39m
    [31m    at Proxy.method (http://127.0.0.1:5173/node_modules/.vite/deps/idb.js?v=c1ee20fb:183:21)[39m
    [31m    at getStats (http://127.0.0.1:5173/src/services/db.js:150:13)[39m
    [31m    at async getCurrentStats (http://127.0.0.1:5173/src/services/statsService.js:247:15)[39m
    [31m    at async Promise.all (index 0)[39m
    [31m    at async http://127.0.0.1:5173/src/hooks/useStats.js:28:39", "Failed to load tasks: NotFoundError: Failed to execute 'transaction' on 'IDBDatabase': One of the specified object stores was not found.[39m
    [31m    at Proxy.<anonymous> (http://127.0.0.1:5173/node_modules/.vite/deps/idb.js?v=c1ee20fb:102:22)[39m
    [31m    at Proxy.method (http://127.0.0.1:5173/node_modules/.vite/deps/idb.js?v=c1ee20fb:183:21)[39m
    [31m    at getAllTasks (http://127.0.0.1:5173/src/services/taskService.js:152:26)[39m
    [31m    at async Promise.all (index 0)[39m
    [31m    at async http://127.0.0.1:5173/src/hooks/useTasks.js:30:35", "Failed to load tasks: NotFoundError: Failed to execute 'transaction' on 'IDBDatabase': One of the specified object stores was not found.[39m
    [31m    at Proxy.<anonymous> (http://127.0.0.1:5173/node_modules/.vite/deps/idb.js?v=c1ee20fb:102:22)[39m
    [31m    at Proxy.method (http://127.0.0.1:5173/node_modules/.vite/deps/idb.js?v=c1ee20fb:183:21)[39m
    [31m    at getAllTasks (http://127.0.0.1:5173/src/services/taskService.js:152:26)[39m
    [31m    at async Promise.all (index 0)[39m
    [31m    at async http://127.0.0.1:5173/src/hooks/useTasks.js:30:35", "Failed to load milestones: NotFoundError: Failed to execute 'transaction' on 'IDBDatabase': One of the specified object stores was not found.[39m
    [31m    at Proxy.<anonymous> (http://127.0.0.1:5173/node_modules/.vite/deps/idb.js?v=c1ee20fb:102:22)[39m
    [31m    at Proxy.method (http://127.0.0.1:5173/node_modules/.vite/deps/idb.js?v=c1ee20fb:183:21)[39m
    [31m    at getAchievements (http://127.0.0.1:5173/src/services/db.js:209:13)[39m
    [31m    at async http://127.0.0.1:5173/src/hooks/useMilestones.js:23:28", "Failed to load stats: NotFoundError: Failed to execute 'transaction' on 'IDBDatabase': One of the specified object stores was not found.[39m
    [31m    at Proxy.<anonymous> (http://127.0.0.1:5173/node_modules/.vite/deps/idb.js?v=c1ee20fb:102:22)[39m
    [31m    at Proxy.method (http://127.0.0.1:5173/node_modules/.vite/deps/idb.js?v=c1ee20fb:183:21)[39m
    [31m    at getStats (http://127.0.0.1:5173/src/services/db.js:150:13)[39m
    [31m    at async getCurrentStats (http://127.0.0.1:5173/src/services/statsService.js:247:15)[39m
    [31m    at async Promise.all (index 0)[39m
    [31m    at async http://127.0.0.1:5173/src/hooks/useStats.js:28:39", "Objects are not valid as a React child (found: [object DOMException]). If you meant to render a collection of children, use an array instead."][39m

      135 |     );
      136 |     
    > 137 |     expect(criticalErrors).toHaveLength(0);
          |                            ^
      138 |   });
      139 |
      140 |   test('app is responsive - mobile viewport', async ({ page }) => {
        at /mnt/c/Users/fischerjakob/FY26/speckit-demo-jakobfischer/e2e/smoke.spec.ts:137:28

    attachment #1: screenshot (image/png) ──────────────────────────────────────────────────────────
    test-results/smoke-App-Smoke-Tests-no-console-errors-on-initial-load-chromium/test-failed-1.png
    ────────────────────────────────────────────────────────────────────────────────────────────────

    Retry #1 ───────────────────────────────────────────────────────────────────────────────────────

    Error: [2mexpect([22m[31mlocator[39m[2m).[22mtoBeVisible[2m([22m[2m)[22m failed

    Locator: locator('[data-testid="app"]')
    Expected: visible
    Timeout: 10000ms
    Error: element(s) not found

    Call log:
    [2m  - Expect "toBeVisible" with timeout 10000ms[22m
    [2m  - waiting for locator('[data-testid="app"]')[22m


      123 |
      124 |     await page.goto('/');
    > 125 |     await expect(page.locator('[data-testid="app"]')).toBeVisible({ timeout: 10000 });
          |                                                       ^
      126 |     
      127 |     // Wait a bit for any async errors
      128 |     await page.waitForTimeout(1000);
        at /mnt/c/Users/fischerjakob/FY26/speckit-demo-jakobfischer/e2e/smoke.spec.ts:125:55

    attachment #1: screenshot (image/png) ──────────────────────────────────────────────────────────
    test-results/smoke-App-Smoke-Tests-no-console-errors-on-initial-load-chromium-retry1/test-failed-1.png
    ────────────────────────────────────────────────────────────────────────────────────────────────

    attachment #2: video (video/webm) ──────────────────────────────────────────────────────────────
    test-results/smoke-App-Smoke-Tests-no-console-errors-on-initial-load-chromium-retry1/video.webm
    ────────────────────────────────────────────────────────────────────────────────────────────────

    attachment #3: trace (application/zip) ─────────────────────────────────────────────────────────
    test-results/smoke-App-Smoke-Tests-no-console-errors-on-initial-load-chromium-retry1/trace.zip
    Usage:

        npx playwright show-trace test-results/smoke-App-Smoke-Tests-no-console-errors-on-initial-load-chromium-retry1/trace.zip

    ────────────────────────────────────────────────────────────────────────────────────────────────

  10) [chromium] › e2e/smoke.spec.ts:140:3 › App Smoke Tests › app is responsive - mobile viewport ─

    Error: [2mexpect([22m[31mlocator[39m[2m).[22mtoBeVisible[2m([22m[2m)[22m failed

    Locator: locator('[data-testid="app"]')
    Expected: visible
    Timeout: 10000ms
    Error: element(s) not found

    Call log:
    [2m  - Expect "toBeVisible" with timeout 10000ms[22m
    [2m  - waiting for locator('[data-testid="app"]')[22m


      142 |     await page.goto('/');
      143 |     
    > 144 |     await expect(page.locator('[data-testid="app"]')).toBeVisible({ timeout: 10000 });
          |                                                       ^
      145 |     await expect(page.locator('.app-title')).toBeVisible();
      146 |   });
      147 |
        at /mnt/c/Users/fischerjakob/FY26/speckit-demo-jakobfischer/e2e/smoke.spec.ts:144:55

    attachment #1: screenshot (image/png) ──────────────────────────────────────────────────────────
    test-results/smoke-App-Smoke-Tests-app-is-responsive---mobile-viewport-chromium/test-failed-1.png
    ────────────────────────────────────────────────────────────────────────────────────────────────

    Retry #1 ───────────────────────────────────────────────────────────────────────────────────────

    Error: [2mexpect([22m[31mlocator[39m[2m).[22mtoBeVisible[2m([22m[2m)[22m failed

    Locator: locator('[data-testid="app"]')
    Expected: visible
    Timeout: 10000ms
    Error: element(s) not found

    Call log:
    [2m  - Expect "toBeVisible" with timeout 10000ms[22m
    [2m  - waiting for locator('[data-testid="app"]')[22m


      142 |     await page.goto('/');
      143 |     
    > 144 |     await expect(page.locator('[data-testid="app"]')).toBeVisible({ timeout: 10000 });
          |                                                       ^
      145 |     await expect(page.locator('.app-title')).toBeVisible();
      146 |   });
      147 |
        at /mnt/c/Users/fischerjakob/FY26/speckit-demo-jakobfischer/e2e/smoke.spec.ts:144:55

    attachment #1: screenshot (image/png) ──────────────────────────────────────────────────────────
    test-results/smoke-App-Smoke-Tests-app-is-responsive---mobile-viewport-chromium-retry1/test-failed-1.png
    ────────────────────────────────────────────────────────────────────────────────────────────────

    attachment #2: video (video/webm) ──────────────────────────────────────────────────────────────
    test-results/smoke-App-Smoke-Tests-app-is-responsive---mobile-viewport-chromium-retry1/video.webm
    ────────────────────────────────────────────────────────────────────────────────────────────────

    attachment #3: trace (application/zip) ─────────────────────────────────────────────────────────
    test-results/smoke-App-Smoke-Tests-app-is-responsive---mobile-viewport-chromium-retry1/trace.zip
    Usage:

        npx playwright show-trace test-results/smoke-App-Smoke-Tests-app-is-responsive---mobile-viewport-chromium-retry1/trace.zip

    ────────────────────────────────────────────────────────────────────────────────────────────────

  11) [chromium] › e2e/smoke.spec.ts:148:3 › App Smoke Tests › app is responsive - tablet viewport ─

    Error: [2mexpect([22m[31mlocator[39m[2m).[22mtoBeVisible[2m([22m[2m)[22m failed

    Locator: locator('.app-title')
    Expected: visible
    Timeout: 10000ms
    Error: element(s) not found

    Call log:
    [2m  - Expect "toBeVisible" with timeout 10000ms[22m
    [2m  - waiting for locator('.app-title')[22m


      151 |     
      152 |     await expect(page.locator('[data-testid="app"]')).toBeVisible({ timeout: 10000 });
    > 153 |     await expect(page.locator('.app-title')).toBeVisible();
          |                                              ^
      154 |   });
      155 | });
      156 |
        at /mnt/c/Users/fischerjakob/FY26/speckit-demo-jakobfischer/e2e/smoke.spec.ts:153:46

    attachment #1: screenshot (image/png) ──────────────────────────────────────────────────────────
    test-results/smoke-App-Smoke-Tests-app-is-responsive---tablet-viewport-chromium/test-failed-1.png
    ────────────────────────────────────────────────────────────────────────────────────────────────

    Retry #1 ───────────────────────────────────────────────────────────────────────────────────────

    Error: [2mexpect([22m[31mlocator[39m[2m).[22mtoBeVisible[2m([22m[2m)[22m failed

    Locator: locator('[data-testid="app"]')
    Expected: visible
    Timeout: 10000ms
    Error: element(s) not found

    Call log:
    [2m  - Expect "toBeVisible" with timeout 10000ms[22m
    [2m  - waiting for locator('[data-testid="app"]')[22m


      150 |     await page.goto('/');
      151 |     
    > 152 |     await expect(page.locator('[data-testid="app"]')).toBeVisible({ timeout: 10000 });
          |                                                       ^
      153 |     await expect(page.locator('.app-title')).toBeVisible();
      154 |   });
      155 | });
        at /mnt/c/Users/fischerjakob/FY26/speckit-demo-jakobfischer/e2e/smoke.spec.ts:152:55

    attachment #1: screenshot (image/png) ──────────────────────────────────────────────────────────
    test-results/smoke-App-Smoke-Tests-app-is-responsive---tablet-viewport-chromium-retry1/test-failed-1.png
    ────────────────────────────────────────────────────────────────────────────────────────────────

    attachment #2: video (video/webm) ──────────────────────────────────────────────────────────────
    test-results/smoke-App-Smoke-Tests-app-is-responsive---tablet-viewport-chromium-retry1/video.webm
    ────────────────────────────────────────────────────────────────────────────────────────────────

    attachment #3: trace (application/zip) ─────────────────────────────────────────────────────────
    test-results/smoke-App-Smoke-Tests-app-is-responsive---tablet-viewport-chromium-retry1/trace.zip
    Usage:

        npx playwright show-trace test-results/smoke-App-Smoke-Tests-app-is-responsive---tablet-viewport-chromium-retry1/trace.zip

    ────────────────────────────────────────────────────────────────────────────────────────────────

  11 failed
    [chromium] › e2e/smoke.spec.ts:25:3 › App Smoke Tests › app loads and displays header ──────────
    [chromium] › e2e/smoke.spec.ts:34:3 › App Smoke Tests › navigation renders all sections ────────
    [chromium] › e2e/smoke.spec.ts:52:3 › App Smoke Tests › Today section renders ──────────────────
    [chromium] › e2e/smoke.spec.ts:66:3 › App Smoke Tests › Prioritize section renders ─────────────
    [chromium] › e2e/smoke.spec.ts:77:3 › App Smoke Tests › Timer section renders ──────────────────
    [chromium] › e2e/smoke.spec.ts:87:3 › App Smoke Tests › Audio section renders ──────────────────
    [chromium] › e2e/smoke.spec.ts:94:3 › App Smoke Tests › Stats section renders ──────────────────
    [chromium] › e2e/smoke.spec.ts:101:3 › App Smoke Tests › all major sections are visible on initial load 
    [chromium] › e2e/smoke.spec.ts:111:3 › App Smoke Tests › no console errors on initial load ─────
    [chromium] › e2e/smoke.spec.ts:140:3 › App Smoke Tests › app is responsive - mobile viewport ───
    [chromium] › e2e/smoke.spec.ts:148:3 › App Smoke Tests › app is responsive - tablet viewport ───
